../Core/Src/syscalls.c:44:6:initialise_monitor_handles	4	static
../Core/Src/syscalls.c:48:5:_getpid	4	static
../Core/Src/syscalls.c:53:5:_kill	16	static
../Core/Src/syscalls.c:61:6:_exit	16	static
../Core/Src/syscalls.c:67:27:_read	32	static
../Core/Src/syscalls.c:80:27:_write	32	static
../Core/Src/syscalls.c:114:5:_lseek	24	static
../Core/Src/syscalls.c:123:5:_open	12	static
../Core/Src/syscalls.c:133:5:_wait	16	static
../Core/Src/syscalls.c:140:5:_unlink	16	static
../Core/Src/syscalls.c:147:5:_times	16	static
../Core/Src/syscalls.c:153:5:_stat	16	static
../Core/Src/syscalls.c:160:5:_link	16	static
../Core/Src/syscalls.c:168:5:_fork	8	static
../Core/Src/syscalls.c:174:5:_execve	24	static
